

Wed Aug  2 22:10:14 2023
Command line: TestDisk

TestDisk 7.1, Data Recovery Utility, July 2019
Christophe GRENIER <grenier@cgsecurity.org>
https://www.cgsecurity.org
OS: Linux, kernel 5.19.0-50-generic (#50-Ubuntu SMP PREEMPT_DYNAMIC Mon Jul 10 18:24:29 UTC 2023) x86_64
Compiler: GCC 11.2
ext2fs lib: 1.46.5, ntfs lib: libntfs-3g, reiserfs lib: none, ewf lib: none, curses lib: ncurses 6.3
/dev/sda: LBA, HPA, LBA48, DCO support
/dev/sda: size       976773168 sectors
/dev/sda: user_max   976773168 sectors
/dev/sda: native_max 976773168 sectors
/dev/sdb: LBA, LBA48 support
/dev/sdb: size       351651888 sectors
/dev/sdb: user_max   351651888 sectors
/dev/sdb: dco        351651888 sectors
Warning: can't get size for Disk /dev/mapper/control - 0 B - 0 sectors, sector size=512
Hard disk list
Disk /dev/sda - 500 GB / 465 GiB - CHS 60801 255 63, sector size=512 - WDC WD5000LPCX-80VHAT1, S/N:WD-WXS1A48JAN1X, FW:02.01A02
Disk /dev/sdb - 180 GB / 167 GiB - CHS 21889 255 63, sector size=512 - INTEL SSDSCKKF180H6H, S/N:CVLY735606NW180C, FW:LSF034N
Disk /dev/sdc - 15 GB / 14 GiB - CHS 15200 64 32, sector size=512 - VendorCo ProductCode, FW:2.00
Disk /dev/loop0 - 256 MB / 244 MiB - 500704 sectors (RO), sector size=512
Disk /dev/loop1 - 366 MB / 349 MiB - 716168 sectors (RO), sector size=512
Disk /dev/loop10 - 55 MB / 53 MiB - 109072 sectors (RO), sector size=512
Disk /dev/loop11 - 311 KB / 304 KiB - 608 sectors (RO), sector size=512
Disk /dev/loop12 - 462 KB / 452 KiB - 904 sectors (RO), sector size=512
Disk /dev/loop13 - 55 MB / 53 MiB - 109072 sectors (RO), sector size=512
Disk /dev/loop2 - 256 MB / 245 MiB - 501768 sectors (RO), sector size=512
Disk /dev/loop3 - 366 MB / 349 MiB - 716176 sectors (RO), sector size=512
Disk /dev/loop4 - 489 MB / 466 MiB - 955472 sectors (RO), sector size=512
Disk /dev/loop5 - 509 MB / 485 MiB - 994336 sectors (RO), sector size=512
Disk /dev/loop6 - 143 KB / 140 KiB - 280 sectors (RO), sector size=512
Disk /dev/loop7 - 96 MB / 91 MiB - 187776 sectors (RO), sector size=512
Disk /dev/loop8 - 48 MB / 45 MiB - 94064 sectors (RO), sector size=512
Disk /dev/loop9 - 12 MB / 12 MiB - 25240 sectors (RO), sector size=512

Partition table type (auto): Intel
Disk /dev/sdc - 15 GB / 14 GiB - VendorCo ProductCode
Partition table type: Intel

Analyse Disk /dev/sdc - 15 GB / 14 GiB - CHS 15200 64 32
Geometry from i386 MBR: head=255 sector=2
BAD_RS LBA=2048 8320


test_FAT()
 1 * FAT32                    1   0  1 15199  63 32   31127552
sector_size  0
cluster_size 0
reserved     0
fats         0
dir_entries  0
sectors      0
media        00
fat_length   0
secs_track   0
heads        0
hidden       0
total_sect   0
check_part_i386 failed for partition type 0B
get_geometry_from_list_part_aux head=64 nbr=2
get_geometry_from_list_part_aux head=8 nbr=2
get_geometry_from_list_part_aux head=16 nbr=2
get_geometry_from_list_part_aux head=32 nbr=2
get_geometry_from_list_part_aux head=64 nbr=2
Current partition structure:
Invalid FAT boot sector
 1 * FAT32                    1   0  1 15199  63 32   31127552
 1 * FAT32                    1   0  1 15199  63 32   31127552

Warning: Bad ending head (CHS and LBA don't match)

search_part()
Disk /dev/sdc - 15 GB / 14 GiB - CHS 15200 64 32
Search for partition aborted

Results
Can't open backup.log file: 没有那个文件或目录
interface_load
Change partition type:
     No partition             0   0  1 15199  63 32   31129600

interface_write()
 
No partition found or selected for recovery

search_part()
Disk /dev/sdc - 15 GB / 14 GiB - CHS 15200 64 32
Search for partition aborted

Results

interface_write()
 
No partition found or selected for recovery
simulate write!

write_mbr_i386: starting...
write_all_log_i386: starting...
No extended partition
SIGINT detected! TestDisk has been killed.
